// Jest Snapshot v1, https://goo.gl/fbAQLP

exports[`NavigationListComponent matches snapshot 1`] = `
<div
  className="usa-grid-full"
>
  <withRouter()
    link="?type=all"
    title="All Items"
  />
  <withRouter()
    link="?type=new"
    title="New Items"
  />
  <withRouter()
    link="?type=pending"
    title="Pending Approval"
  />
  <withRouter()
    link="?type=lorem"
    title="Lorem"
  />
</div>
`;
