// Jest Snapshot v1, https://goo.gl/fbAQLP

exports[`GlossaryEditorSearchComponent matches snapshot 1`] = `
<div
  className="bidder-portfolio-search-container"
>
  <div
    className="results-search-bar-container"
  >
    <ResultsSearchHeader
      defaultKeyword=""
      labelSrOnly={true}
      onFilterChange={[Function]}
      onUpdate={[Function]}
      placeholder="Search for Glossary terms"
    />
  </div>
</div>
`;
